===============
TREE[000] = 000
===============

===============
TREE[001] = 001
===============

===============
TREE[002] = 002
===============

===============
TREE[003] = 003
===============

===============
TREE[004] = 004
===============

===============
TREE[005] = 005
===============

===============
TREE[006] = 006
===============

===============
TREE[007] = 007
===============

===============
TREE[008] = 008
===============

===============
TREE[009] = 009
===============

===============
TREE[010] = 010
===============

===============
TREE[011] = 011
===============

===============
TREE[012] = 012
===============

===============
TREE[013] = 013
===============

===============
TREE[014] = 014
===============

===============
TREE[015] = 015
===============

===============
TREE[016] = 016
===============

===============
TREE[017] = 017
===============

===============
TREE[018] = 018
===============

===============
TREE[019] = 019
===============

===========
REMOVE[000]
===========

===========
REMOVE[001]
===========

===========
REMOVE[002]
===========

===========
REMOVE[003]
===========

===========
REMOVE[004]
===========

===========
REMOVE[005]
===========

===========
REMOVE[006]
===========

===========
REMOVE[007]
===========

===========
REMOVE[008]
===========

===========
REMOVE[009]
===========

===========
REMOVE[010]
===========

===========
REMOVE[011]
===========

===========
REMOVE[012]
===========

===========
REMOVE[013]
===========

===========
REMOVE[014]
===========

===========
REMOVE[015]
===========

===========
REMOVE[016]
===========

===========
REMOVE[017]
===========

===========
REMOVE[018]
===========

===========
REMOVE[019]
===========

