[1;36mНаивный алгоритм
[0m                                                                      - 65любовь
                                                                      - 92счастье
                                                                      - 14добродетель
                                                                      - 17гнев
                                                                      - 33смерть
                                                                      - 509время
                                                                      - 5память
                                                                      - 100слово
                                                                      - 287дело
                                                                      - 49смысл
                                                                      - 75разум
                                                                      - 816Андрей
                                                                      - 460Наташа
                                                                      - 352Николай
                                                                      - 161Соня
                                                                      - 1184Пьер
                                                                      - 108Элен
                                                                      - 8дуэль
                                                                      - 14салон
                                                                      - 0madame
                                                                      - 0mon cher
                                                                      - 54обман
                                                                      - 12Россия
                                                                      - 51война
                                                                      - 312Кутузов
                                                                      - 301Наполеон
                                                                      - 1382друг
                                                                      - 66враг
                                                                      - 11гвардия
                                                                      - 178бог
                                                                      - 1есть только две добродетели: деятельность и ум
                                                                      - 1есть только два источника людских пороков: праздность и суеверие
                                                                      - 1Нездоровы, брат, бывают только дураки да развратники
[1;36mАлгоритм Рабина-Карпа
[0m                                                                      - 65любовь
                                                                      - 92счастье
                                                                      - 14добродетель
                                                                      - 17гнев
                                                                      - 33смерть
                                                                      - 509время
                                                                      - 5память
                                                                      - 100слово
                                                                      - 287дело
                                                                      - 49смысл
                                                                      - 75разум
                                                                      - 816Андрей
                                                                      - 460Наташа
                                                                      - 352Николай
                                                                      - 161Соня
                                                                      - 1184Пьер
                                                                      - 108Элен
                                                                      - 8дуэль
                                                                      - 14салон
                                                                      - 0madame
                                                                      - 0mon cher
                                                                      - 54обман
                                                                      - 12Россия
                                                                      - 51война
                                                                      - 312Кутузов
                                                                      - 301Наполеон
                                                                      - 1382друг
                                                                      - 66враг
                                                                      - 11гвардия
                                                                      - 178бог
                                                                      - 1есть только две добродетели: деятельность и ум
                                                                      - 1есть только два источника людских пороков: праздность и суеверие
                                                                      - 1Нездоровы, брат, бывают только дураки да развратники
[1;36mАлгоритм Кнута-Морриса-Пратта
[0m                                                                      - 65любовь
                                                                      - 92счастье
                                                                      - 14добродетель
                                                                      - 17гнев
                                                                      - 33смерть
                                                                      - 509время
                                                                      - 5память
                                                                      - 100слово
                                                                      - 287дело
                                                                      - 49смысл
                                                                      - 75разум
                                                                      - 816Андрей
                                                                      - 460Наташа
                                                                      - 352Николай
                                                                      - 161Соня
                                                                      - 1184Пьер
                                                                      - 108Элен
                                                                      - 8дуэль
                                                                      - 14салон
                                                                      - 0madame
                                                                      - 0mon cher
                                                                      - 54обман
                                                                      - 12Россия
                                                                      - 51война
                                                                      - 312Кутузов
                                                                      - 301Наполеон
                                                                      - 1382друг
                                                                      - 66враг
                                                                      - 11гвардия
                                                                      - 178бог
                                                                      - 1есть только две добродетели: деятельность и ум
                                                                      - 1есть только два источника людских пороков: праздность и суеверие
                                                                      - 1Нездоровы, брат, бывают только дураки да развратники
[1;36mБиблиотечная реализация strstr
[0m                                                                      - 65любовь
                                                                      - 92счастье
                                                                      - 14добродетель
                                                                      - 17гнев
                                                                      - 33смерть
                                                                      - 509время
                                                                      - 5память
                                                                      - 100слово
                                                                      - 287дело
                                                                      - 49смысл
                                                                      - 75разум
                                                                      - 816Андрей
                                                                      - 460Наташа
                                                                      - 352Николай
                                                                      - 161Соня
                                                                      - 1184Пьер
                                                                      - 108Элен
                                                                      - 8дуэль
                                                                      - 14салон
                                                                      - 0madame
                                                                      - 0mon cher
                                                                      - 54обман
                                                                      - 12Россия
                                                                      - 51война
                                                                      - 312Кутузов
                                                                      - 301Наполеон
                                                                      - 1382друг
                                                                      - 66враг
                                                                      - 11гвардия
                                                                      - 178бог
                                                                      - 1есть только две добродетели: деятельность и ум
                                                                      - 1есть только два источника людских пороков: праздность и суеверие
                                                                      - 1Нездоровы, брат, бывают только дураки да развратники
