=========================
TREE[51be786f] = 51be786f
=========================
      ┌──────0
[51be786f]
      └──────0

=========================
TREE[4ae6e4f6] = 4ae6e4f6
=========================
      ┌──────0
[51be786f]
      │       ┌──────0
      └─[4ae6e4f6]
              └──────0

=========================
TREE[0bb603eb] = 0bb603eb
=========================
      ┌──────0
[51be786f]
      │       ┌──────0
      └─[4ae6e4f6]
              │       ┌──────0
              └─[0bb603eb]
                      └──────0

=========================
TREE[2bbd6169] = 2bbd6169
=========================
      ┌──────0
[51be786f]
      │       ┌──────0
      └─[4ae6e4f6]
              │               ┌──────0
              │       ┌─[2bbd6169]
              │       │       └──────0
              └─[0bb603eb]
                      └──────0

=========================
TREE[6f0e4494] = 6f0e4494
=========================
              ┌──────0
      ┌─[6f0e4494]
      │       └──────0
[51be786f]
      │       ┌──────0
      └─[4ae6e4f6]
              │               ┌──────0
              │       ┌─[2bbd6169]
              │       │       └──────0
              └─[0bb603eb]
                      └──────0

=========================
TREE[6c90f79e] = 6c90f79e
=========================
              ┌──────0
      ┌─[6f0e4494]
      │       │       ┌──────0
      │       └─[6c90f79e]
      │               └──────0
[51be786f]
      │       ┌──────0
      └─[4ae6e4f6]
              │               ┌──────0
              │       ┌─[2bbd6169]
              │       │       └──────0
              └─[0bb603eb]
                      └──────0

=========================
TREE[48d9d291] = 48d9d291
=========================
              ┌──────0
      ┌─[6f0e4494]
      │       │       ┌──────0
      │       └─[6c90f79e]
      │               └──────0
[51be786f]
      │       ┌──────0
      └─[4ae6e4f6]
              │                       ┌──────0
              │               ┌─[48d9d291]
              │               │       └──────0
              │       ┌─[2bbd6169]
              │       │       └──────0
              └─[0bb603eb]
                      └──────0

=========================
TREE[35724ad5] = 35724ad5
=========================
              ┌──────0
      ┌─[6f0e4494]
      │       │       ┌──────0
      │       └─[6c90f79e]
      │               └──────0
[51be786f]
      │       ┌──────0
      └─[4ae6e4f6]
              │                       ┌──────0
              │               ┌─[48d9d291]
              │               │       │       ┌──────0
              │               │       └─[35724ad5]
              │               │               └──────0
              │       ┌─[2bbd6169]
              │       │       └──────0
              └─[0bb603eb]
                      └──────0

=========================
TREE[2c4d4a09] = 2c4d4a09
=========================
              ┌──────0
      ┌─[6f0e4494]
      │       │       ┌──────0
      │       └─[6c90f79e]
      │               └──────0
[51be786f]
      │       ┌──────0
      └─[4ae6e4f6]
              │                       ┌──────0
              │               ┌─[48d9d291]
              │               │       │       ┌──────0
              │               │       └─[35724ad5]
              │               │               │       ┌──────0
              │               │               └─[2c4d4a09]
              │               │                       └──────0
              │       ┌─[2bbd6169]
              │       │       └──────0
              └─[0bb603eb]
                      └──────0

=========================
TREE[1eae9305] = 1eae9305
=========================
              ┌──────0
      ┌─[6f0e4494]
      │       │       ┌──────0
      │       └─[6c90f79e]
      │               └──────0
[51be786f]
      │       ┌──────0
      └─[4ae6e4f6]
              │                       ┌──────0
              │               ┌─[48d9d291]
              │               │       │       ┌──────0
              │               │       └─[35724ad5]
              │               │               │       ┌──────0
              │               │               └─[2c4d4a09]
              │               │                       └──────0
              │       ┌─[2bbd6169]
              │       │       │       ┌──────0
              │       │       └─[1eae9305]
              │       │               └──────0
              └─[0bb603eb]
                      └──────0

=========================
TREE[5315435d] = 5315435d
=========================
              ┌──────0
      ┌─[6f0e4494]
      │       │       ┌──────0
      │       └─[6c90f79e]
      │               │       ┌──────0
      │               └─[5315435d]
      │                       └──────0
[51be786f]
      │       ┌──────0
      └─[4ae6e4f6]
              │                       ┌──────0
              │               ┌─[48d9d291]
              │               │       │       ┌──────0
              │               │       └─[35724ad5]
              │               │               │       ┌──────0
              │               │               └─[2c4d4a09]
              │               │                       └──────0
              │       ┌─[2bbd6169]
              │       │       │       ┌──────0
              │       │       └─[1eae9305]
              │       │               └──────0
              └─[0bb603eb]
                      └──────0

=========================
TREE[608ed39c] = 608ed39c
=========================
              ┌──────0
      ┌─[6f0e4494]
      │       │       ┌──────0
      │       └─[6c90f79e]
      │               │               ┌──────0
      │               │       ┌─[608ed39c]
      │               │       │       └──────0
      │               └─[5315435d]
      │                       └──────0
[51be786f]
      │       ┌──────0
      └─[4ae6e4f6]
              │                       ┌──────0
              │               ┌─[48d9d291]
              │               │       │       ┌──────0
              │               │       └─[35724ad5]
              │               │               │       ┌──────0
              │               │               └─[2c4d4a09]
              │               │                       └──────0
              │       ┌─[2bbd6169]
              │       │       │       ┌──────0
              │       │       └─[1eae9305]
              │       │               └──────0
              └─[0bb603eb]
                      └──────0

=========================
TREE[28a0a798] = 28a0a798
=========================
              ┌──────0
      ┌─[6f0e4494]
      │       │       ┌──────0
      │       └─[6c90f79e]
      │               │               ┌──────0
      │               │       ┌─[608ed39c]
      │               │       │       └──────0
      │               └─[5315435d]
      │                       └──────0
[51be786f]
      │       ┌──────0
      └─[4ae6e4f6]
              │                       ┌──────0
              │               ┌─[48d9d291]
              │               │       │       ┌──────0
              │               │       └─[35724ad5]
              │               │               │       ┌──────0
              │               │               └─[2c4d4a09]
              │               │                       └──────0
              │       ┌─[2bbd6169]
              │       │       │               ┌──────0
              │       │       │       ┌─[28a0a798]
              │       │       │       │       └──────0
              │       │       └─[1eae9305]
              │       │               └──────0
              └─[0bb603eb]
                      └──────0

=========================
TREE[7e7e5274] = 7e7e5274
=========================
                      ┌──────0
              ┌─[7e7e5274]
              │       └──────0
      ┌─[6f0e4494]
      │       │       ┌──────0
      │       └─[6c90f79e]
      │               │               ┌──────0
      │               │       ┌─[608ed39c]
      │               │       │       └──────0
      │               └─[5315435d]
      │                       └──────0
[51be786f]
      │       ┌──────0
      └─[4ae6e4f6]
              │                       ┌──────0
              │               ┌─[48d9d291]
              │               │       │       ┌──────0
              │               │       └─[35724ad5]
              │               │               │       ┌──────0
              │               │               └─[2c4d4a09]
              │               │                       └──────0
              │       ┌─[2bbd6169]
              │       │       │               ┌──────0
              │       │       │       ┌─[28a0a798]
              │       │       │       │       └──────0
              │       │       └─[1eae9305]
              │       │               └──────0
              └─[0bb603eb]
                      └──────0

=========================
TREE[4a43aa9e] = 4a43aa9e
=========================
                      ┌──────0
              ┌─[7e7e5274]
              │       └──────0
      ┌─[6f0e4494]
      │       │       ┌──────0
      │       └─[6c90f79e]
      │               │               ┌──────0
      │               │       ┌─[608ed39c]
      │               │       │       └──────0
      │               └─[5315435d]
      │                       └──────0
[51be786f]
      │       ┌──────0
      └─[4ae6e4f6]
              │                               ┌──────0
              │                       ┌─[4a43aa9e]
              │                       │       └──────0
              │               ┌─[48d9d291]
              │               │       │       ┌──────0
              │               │       └─[35724ad5]
              │               │               │       ┌──────0
              │               │               └─[2c4d4a09]
              │               │                       └──────0
              │       ┌─[2bbd6169]
              │       │       │               ┌──────0
              │       │       │       ┌─[28a0a798]
              │       │       │       │       └──────0
              │       │       └─[1eae9305]
              │       │               └──────0
              └─[0bb603eb]
                      └──────0

=========================
TREE[2ebeacb5] = 2ebeacb5
=========================
                      ┌──────0
              ┌─[7e7e5274]
              │       └──────0
      ┌─[6f0e4494]
      │       │       ┌──────0
      │       └─[6c90f79e]
      │               │               ┌──────0
      │               │       ┌─[608ed39c]
      │               │       │       └──────0
      │               └─[5315435d]
      │                       └──────0
[51be786f]
      │       ┌──────0
      └─[4ae6e4f6]
              │                               ┌──────0
              │                       ┌─[4a43aa9e]
              │                       │       └──────0
              │               ┌─[48d9d291]
              │               │       │       ┌──────0
              │               │       └─[35724ad5]
              │               │               │               ┌──────0
              │               │               │       ┌─[2ebeacb5]
              │               │               │       │       └──────0
              │               │               └─[2c4d4a09]
              │               │                       └──────0
              │       ┌─[2bbd6169]
              │       │       │               ┌──────0
              │       │       │       ┌─[28a0a798]
              │       │       │       │       └──────0
              │       │       └─[1eae9305]
              │       │               └──────0
              └─[0bb603eb]
                      └──────0

=========================
TREE[454da70c] = 454da70c
=========================
                      ┌──────0
              ┌─[7e7e5274]
              │       └──────0
      ┌─[6f0e4494]
      │       │       ┌──────0
      │       └─[6c90f79e]
      │               │               ┌──────0
      │               │       ┌─[608ed39c]
      │               │       │       └──────0
      │               └─[5315435d]
      │                       └──────0
[51be786f]
      │       ┌──────0
      └─[4ae6e4f6]
              │                               ┌──────0
              │                       ┌─[4a43aa9e]
              │                       │       └──────0
              │               ┌─[48d9d291]
              │               │       │               ┌──────0
              │               │       │       ┌─[454da70c]
              │               │       │       │       └──────0
              │               │       └─[35724ad5]
              │               │               │               ┌──────0
              │               │               │       ┌─[2ebeacb5]
              │               │               │       │       └──────0
              │               │               └─[2c4d4a09]
              │               │                       └──────0
              │       ┌─[2bbd6169]
              │       │       │               ┌──────0
              │       │       │       ┌─[28a0a798]
              │       │       │       │       └──────0
              │       │       └─[1eae9305]
              │       │               └──────0
              └─[0bb603eb]
                      └──────0

=========================
TREE[3691d2cf] = 3691d2cf
=========================
                      ┌──────0
              ┌─[7e7e5274]
              │       └──────0
      ┌─[6f0e4494]
      │       │       ┌──────0
      │       └─[6c90f79e]
      │               │               ┌──────0
      │               │       ┌─[608ed39c]
      │               │       │       └──────0
      │               └─[5315435d]
      │                       └──────0
[51be786f]
      │       ┌──────0
      └─[4ae6e4f6]
              │                               ┌──────0
              │                       ┌─[4a43aa9e]
              │                       │       └──────0
              │               ┌─[48d9d291]
              │               │       │               ┌──────0
              │               │       │       ┌─[454da70c]
              │               │       │       │       │       ┌──────0
              │               │       │       │       └─[3691d2cf]
              │               │       │       │               └──────0
              │               │       └─[35724ad5]
              │               │               │               ┌──────0
              │               │               │       ┌─[2ebeacb5]
              │               │               │       │       └──────0
              │               │               └─[2c4d4a09]
              │               │                       └──────0
              │       ┌─[2bbd6169]
              │       │       │               ┌──────0
              │       │       │       ┌─[28a0a798]
              │       │       │       │       └──────0
              │       │       └─[1eae9305]
              │       │               └──────0
              └─[0bb603eb]
                      └──────0

=========================
TREE[77aa6160] = 77aa6160
=========================
                      ┌──────0
              ┌─[7e7e5274]
              │       │       ┌──────0
              │       └─[77aa6160]
              │               └──────0
      ┌─[6f0e4494]
      │       │       ┌──────0
      │       └─[6c90f79e]
      │               │               ┌──────0
      │               │       ┌─[608ed39c]
      │               │       │       └──────0
      │               └─[5315435d]
      │                       └──────0
[51be786f]
      │       ┌──────0
      └─[4ae6e4f6]
              │                               ┌──────0
              │                       ┌─[4a43aa9e]
              │                       │       └──────0
              │               ┌─[48d9d291]
              │               │       │               ┌──────0
              │               │       │       ┌─[454da70c]
              │               │       │       │       │       ┌──────0
              │               │       │       │       └─[3691d2cf]
              │               │       │       │               └──────0
              │               │       └─[35724ad5]
              │               │               │               ┌──────0
              │               │               │       ┌─[2ebeacb5]
              │               │               │       │       └──────0
              │               │               └─[2c4d4a09]
              │               │                       └──────0
              │       ┌─[2bbd6169]
              │       │       │               ┌──────0
              │       │       │       ┌─[28a0a798]
              │       │       │       │       └──────0
              │       │       └─[1eae9305]
              │       │               └──────0
              └─[0bb603eb]
                      └──────0

=========================
TREE[4c14457e] = 4c14457e
=========================
                      ┌──────0
              ┌─[7e7e5274]
              │       │       ┌──────0
              │       └─[77aa6160]
              │               └──────0
      ┌─[6f0e4494]
      │       │       ┌──────0
      │       └─[6c90f79e]
      │               │               ┌──────0
      │               │       ┌─[608ed39c]
      │               │       │       └──────0
      │               └─[5315435d]
      │                       └──────0
[51be786f]
      │               ┌──────0
      │       ┌─[4c14457e]
      │       │       └──────0
      └─[4ae6e4f6]
              │                               ┌──────0
              │                       ┌─[4a43aa9e]
              │                       │       └──────0
              │               ┌─[48d9d291]
              │               │       │               ┌──────0
              │               │       │       ┌─[454da70c]
              │               │       │       │       │       ┌──────0
              │               │       │       │       └─[3691d2cf]
              │               │       │       │               └──────0
              │               │       └─[35724ad5]
              │               │               │               ┌──────0
              │               │               │       ┌─[2ebeacb5]
              │               │               │       │       └──────0
              │               │               └─[2c4d4a09]
              │               │                       └──────0
              │       ┌─[2bbd6169]
              │       │       │               ┌──────0
              │       │       │       ┌─[28a0a798]
              │       │       │       │       └──────0
              │       │       └─[1eae9305]
              │       │               └──────0
              └─[0bb603eb]
                      └──────0

=========================
TREE[11c84652] = 11c84652
=========================
                      ┌──────0
              ┌─[7e7e5274]
              │       │       ┌──────0
              │       └─[77aa6160]
              │               └──────0
      ┌─[6f0e4494]
      │       │       ┌──────0
      │       └─[6c90f79e]
      │               │               ┌──────0
      │               │       ┌─[608ed39c]
      │               │       │       └──────0
      │               └─[5315435d]
      │                       └──────0
[51be786f]
      │               ┌──────0
      │       ┌─[4c14457e]
      │       │       └──────0
      └─[4ae6e4f6]
              │                               ┌──────0
              │                       ┌─[4a43aa9e]
              │                       │       └──────0
              │               ┌─[48d9d291]
              │               │       │               ┌──────0
              │               │       │       ┌─[454da70c]
              │               │       │       │       │       ┌──────0
              │               │       │       │       └─[3691d2cf]
              │               │       │       │               └──────0
              │               │       └─[35724ad5]
              │               │               │               ┌──────0
              │               │               │       ┌─[2ebeacb5]
              │               │               │       │       └──────0
              │               │               └─[2c4d4a09]
              │               │                       └──────0
              │       ┌─[2bbd6169]
              │       │       │               ┌──────0
              │       │       │       ┌─[28a0a798]
              │       │       │       │       └──────0
              │       │       └─[1eae9305]
              │       │               │       ┌──────0
              │       │               └─[11c84652]
              │       │                       └──────0
              └─[0bb603eb]
                      └──────0

=========================
TREE[1e00ab85] = 1e00ab85
=========================
                      ┌──────0
              ┌─[7e7e5274]
              │       │       ┌──────0
              │       └─[77aa6160]
              │               └──────0
      ┌─[6f0e4494]
      │       │       ┌──────0
      │       └─[6c90f79e]
      │               │               ┌──────0
      │               │       ┌─[608ed39c]
      │               │       │       └──────0
      │               └─[5315435d]
      │                       └──────0
[51be786f]
      │               ┌──────0
      │       ┌─[4c14457e]
      │       │       └──────0
      └─[4ae6e4f6]
              │                               ┌──────0
              │                       ┌─[4a43aa9e]
              │                       │       └──────0
              │               ┌─[48d9d291]
              │               │       │               ┌──────0
              │               │       │       ┌─[454da70c]
              │               │       │       │       │       ┌──────0
              │               │       │       │       └─[3691d2cf]
              │               │       │       │               └──────0
              │               │       └─[35724ad5]
              │               │               │               ┌──────0
              │               │               │       ┌─[2ebeacb5]
              │               │               │       │       └──────0
              │               │               └─[2c4d4a09]
              │               │                       └──────0
              │       ┌─[2bbd6169]
              │       │       │               ┌──────0
              │       │       │       ┌─[28a0a798]
              │       │       │       │       └──────0
              │       │       └─[1eae9305]
              │       │               │               ┌──────0
              │       │               │       ┌─[1e00ab85]
              │       │               │       │       └──────0
              │       │               └─[11c84652]
              │       │                       └──────0
              └─[0bb603eb]
                      └──────0

=========================
TREE[03a6c176] = 03a6c176
=========================
                      ┌──────0
              ┌─[7e7e5274]
              │       │       ┌──────0
              │       └─[77aa6160]
              │               └──────0
      ┌─[6f0e4494]
      │       │       ┌──────0
      │       └─[6c90f79e]
      │               │               ┌──────0
      │               │       ┌─[608ed39c]
      │               │       │       └──────0
      │               └─[5315435d]
      │                       └──────0
[51be786f]
      │               ┌──────0
      │       ┌─[4c14457e]
      │       │       └──────0
      └─[4ae6e4f6]
              │                               ┌──────0
              │                       ┌─[4a43aa9e]
              │                       │       └──────0
              │               ┌─[48d9d291]
              │               │       │               ┌──────0
              │               │       │       ┌─[454da70c]
              │               │       │       │       │       ┌──────0
              │               │       │       │       └─[3691d2cf]
              │               │       │       │               └──────0
              │               │       └─[35724ad5]
              │               │               │               ┌──────0
              │               │               │       ┌─[2ebeacb5]
              │               │               │       │       └──────0
              │               │               └─[2c4d4a09]
              │               │                       └──────0
              │       ┌─[2bbd6169]
              │       │       │               ┌──────0
              │       │       │       ┌─[28a0a798]
              │       │       │       │       └──────0
              │       │       └─[1eae9305]
              │       │               │               ┌──────0
              │       │               │       ┌─[1e00ab85]
              │       │               │       │       └──────0
              │       │               └─[11c84652]
              │       │                       └──────0
              └─[0bb603eb]
                      │       ┌──────0
                      └─[03a6c176]
                              └──────0

=========================
TREE[53e89731] = 53e89731
=========================
                      ┌──────0
              ┌─[7e7e5274]
              │       │       ┌──────0
              │       └─[77aa6160]
              │               └──────0
      ┌─[6f0e4494]
      │       │       ┌──────0
      │       └─[6c90f79e]
      │               │               ┌──────0
      │               │       ┌─[608ed39c]
      │               │       │       │       ┌──────0
      │               │       │       └─[53e89731]
      │               │       │               └──────0
      │               └─[5315435d]
      │                       └──────0
[51be786f]
      │               ┌──────0
      │       ┌─[4c14457e]
      │       │       └──────0
      └─[4ae6e4f6]
              │                               ┌──────0
              │                       ┌─[4a43aa9e]
              │                       │       └──────0
              │               ┌─[48d9d291]
              │               │       │               ┌──────0
              │               │       │       ┌─[454da70c]
              │               │       │       │       │       ┌──────0
              │               │       │       │       └─[3691d2cf]
              │               │       │       │               └──────0
              │               │       └─[35724ad5]
              │               │               │               ┌──────0
              │               │               │       ┌─[2ebeacb5]
              │               │               │       │       └──────0
              │               │               └─[2c4d4a09]
              │               │                       └──────0
              │       ┌─[2bbd6169]
              │       │       │               ┌──────0
              │       │       │       ┌─[28a0a798]
              │       │       │       │       └──────0
              │       │       └─[1eae9305]
              │       │               │               ┌──────0
              │       │               │       ┌─[1e00ab85]
              │       │               │       │       └──────0
              │       │               └─[11c84652]
              │       │                       └──────0
              └─[0bb603eb]
                      │       ┌──────0
                      └─[03a6c176]
                              └──────0

=========================
TREE[68d59818] = 68d59818
=========================
                      ┌──────0
              ┌─[7e7e5274]
              │       │       ┌──────0
              │       └─[77aa6160]
              │               └──────0
      ┌─[6f0e4494]
      │       │       ┌──────0
      │       └─[6c90f79e]
      │               │                       ┌──────0
      │               │               ┌─[68d59818]
      │               │               │       └──────0
      │               │       ┌─[608ed39c]
      │               │       │       │       ┌──────0
      │               │       │       └─[53e89731]
      │               │       │               └──────0
      │               └─[5315435d]
      │                       └──────0
[51be786f]
      │               ┌──────0
      │       ┌─[4c14457e]
      │       │       └──────0
      └─[4ae6e4f6]
              │                               ┌──────0
              │                       ┌─[4a43aa9e]
              │                       │       └──────0
              │               ┌─[48d9d291]
              │               │       │               ┌──────0
              │               │       │       ┌─[454da70c]
              │               │       │       │       │       ┌──────0
              │               │       │       │       └─[3691d2cf]
              │               │       │       │               └──────0
              │               │       └─[35724ad5]
              │               │               │               ┌──────0
              │               │               │       ┌─[2ebeacb5]
              │               │               │       │       └──────0
              │               │               └─[2c4d4a09]
              │               │                       └──────0
              │       ┌─[2bbd6169]
              │       │       │               ┌──────0
              │       │       │       ┌─[28a0a798]
              │       │       │       │       └──────0
              │       │       └─[1eae9305]
              │       │               │               ┌──────0
              │       │               │       ┌─[1e00ab85]
              │       │               │       │       └──────0
              │       │               └─[11c84652]
              │       │                       └──────0
              └─[0bb603eb]
                      │       ┌──────0
                      └─[03a6c176]
                              └──────0

=========================
TREE[15a5be9f] = 15a5be9f
=========================
                      ┌──────0
              ┌─[7e7e5274]
              │       │       ┌──────0
              │       └─[77aa6160]
              │               └──────0
      ┌─[6f0e4494]
      │       │       ┌──────0
      │       └─[6c90f79e]
      │               │                       ┌──────0
      │               │               ┌─[68d59818]
      │               │               │       └──────0
      │               │       ┌─[608ed39c]
      │               │       │       │       ┌──────0
      │               │       │       └─[53e89731]
      │               │       │               └──────0
      │               └─[5315435d]
      │                       └──────0
[51be786f]
      │               ┌──────0
      │       ┌─[4c14457e]
      │       │       └──────0
      └─[4ae6e4f6]
              │                               ┌──────0
              │                       ┌─[4a43aa9e]
              │                       │       └──────0
              │               ┌─[48d9d291]
              │               │       │               ┌──────0
              │               │       │       ┌─[454da70c]
              │               │       │       │       │       ┌──────0
              │               │       │       │       └─[3691d2cf]
              │               │       │       │               └──────0
              │               │       └─[35724ad5]
              │               │               │               ┌──────0
              │               │               │       ┌─[2ebeacb5]
              │               │               │       │       └──────0
              │               │               └─[2c4d4a09]
              │               │                       └──────0
              │       ┌─[2bbd6169]
              │       │       │               ┌──────0
              │       │       │       ┌─[28a0a798]
              │       │       │       │       └──────0
              │       │       └─[1eae9305]
              │       │               │               ┌──────0
              │       │               │       ┌─[1e00ab85]
              │       │               │       │       │       ┌──────0
              │       │               │       │       └─[15a5be9f]
              │       │               │       │               └──────0
              │       │               └─[11c84652]
              │       │                       └──────0
              └─[0bb603eb]
                      │       ┌──────0
                      └─[03a6c176]
                              └──────0

=========================
TREE[128da7a8] = 128da7a8
=========================
                      ┌──────0
              ┌─[7e7e5274]
              │       │       ┌──────0
              │       └─[77aa6160]
              │               └──────0
      ┌─[6f0e4494]
      │       │       ┌──────0
      │       └─[6c90f79e]
      │               │                       ┌──────0
      │               │               ┌─[68d59818]
      │               │               │       └──────0
      │               │       ┌─[608ed39c]
      │               │       │       │       ┌──────0
      │               │       │       └─[53e89731]
      │               │       │               └──────0
      │               └─[5315435d]
      │                       └──────0
[51be786f]
      │               ┌──────0
      │       ┌─[4c14457e]
      │       │       └──────0
      └─[4ae6e4f6]
              │                               ┌──────0
              │                       ┌─[4a43aa9e]
              │                       │       └──────0
              │               ┌─[48d9d291]
              │               │       │               ┌──────0
              │               │       │       ┌─[454da70c]
              │               │       │       │       │       ┌──────0
              │               │       │       │       └─[3691d2cf]
              │               │       │       │               └──────0
              │               │       └─[35724ad5]
              │               │               │               ┌──────0
              │               │               │       ┌─[2ebeacb5]
              │               │               │       │       └──────0
              │               │               └─[2c4d4a09]
              │               │                       └──────0
              │       ┌─[2bbd6169]
              │       │       │               ┌──────0
              │       │       │       ┌─[28a0a798]
              │       │       │       │       └──────0
              │       │       └─[1eae9305]
              │       │               │               ┌──────0
              │       │               │       ┌─[1e00ab85]
              │       │               │       │       │       ┌──────0
              │       │               │       │       └─[15a5be9f]
              │       │               │       │               │       ┌──────0
              │       │               │       │               └─[128da7a8]
              │       │               │       │                       └──────0
              │       │               └─[11c84652]
              │       │                       └──────0
              └─[0bb603eb]
                      │       ┌──────0
                      └─[03a6c176]
                              └──────0

=========================
TREE[35950590] = 35950590
=========================
                      ┌──────0
              ┌─[7e7e5274]
              │       │       ┌──────0
              │       └─[77aa6160]
              │               └──────0
      ┌─[6f0e4494]
      │       │       ┌──────0
      │       └─[6c90f79e]
      │               │                       ┌──────0
      │               │               ┌─[68d59818]
      │               │               │       └──────0
      │               │       ┌─[608ed39c]
      │               │       │       │       ┌──────0
      │               │       │       └─[53e89731]
      │               │       │               └──────0
      │               └─[5315435d]
      │                       └──────0
[51be786f]
      │               ┌──────0
      │       ┌─[4c14457e]
      │       │       └──────0
      └─[4ae6e4f6]
              │                               ┌──────0
              │                       ┌─[4a43aa9e]
              │                       │       └──────0
              │               ┌─[48d9d291]
              │               │       │               ┌──────0
              │               │       │       ┌─[454da70c]
              │               │       │       │       │       ┌──────0
              │               │       │       │       └─[3691d2cf]
              │               │       │       │               │       ┌──────0
              │               │       │       │               └─[35950590]
              │               │       │       │                       └──────0
              │               │       └─[35724ad5]
              │               │               │               ┌──────0
              │               │               │       ┌─[2ebeacb5]
              │               │               │       │       └──────0
              │               │               └─[2c4d4a09]
              │               │                       └──────0
              │       ┌─[2bbd6169]
              │       │       │               ┌──────0
              │       │       │       ┌─[28a0a798]
              │       │       │       │       └──────0
              │       │       └─[1eae9305]
              │       │               │               ┌──────0
              │       │               │       ┌─[1e00ab85]
              │       │               │       │       │       ┌──────0
              │       │               │       │       └─[15a5be9f]
              │       │               │       │               │       ┌──────0
              │       │               │       │               └─[128da7a8]
              │       │               │       │                       └──────0
              │       │               └─[11c84652]
              │       │                       └──────0
              └─[0bb603eb]
                      │       ┌──────0
                      └─[03a6c176]
                              └──────0

=========================
TREE[3cd1fde2] = 3cd1fde2
=========================
                      ┌──────0
              ┌─[7e7e5274]
              │       │       ┌──────0
              │       └─[77aa6160]
              │               └──────0
      ┌─[6f0e4494]
      │       │       ┌──────0
      │       └─[6c90f79e]
      │               │                       ┌──────0
      │               │               ┌─[68d59818]
      │               │               │       └──────0
      │               │       ┌─[608ed39c]
      │               │       │       │       ┌──────0
      │               │       │       └─[53e89731]
      │               │       │               └──────0
      │               └─[5315435d]
      │                       └──────0
[51be786f]
      │               ┌──────0
      │       ┌─[4c14457e]
      │       │       └──────0
      └─[4ae6e4f6]
              │                               ┌──────0
              │                       ┌─[4a43aa9e]
              │                       │       └──────0
              │               ┌─[48d9d291]
              │               │       │               ┌──────0
              │               │       │       ┌─[454da70c]
              │               │       │       │       │               ┌──────0
              │               │       │       │       │       ┌─[3cd1fde2]
              │               │       │       │       │       │       └──────0
              │               │       │       │       └─[3691d2cf]
              │               │       │       │               │       ┌──────0
              │               │       │       │               └─[35950590]
              │               │       │       │                       └──────0
              │               │       └─[35724ad5]
              │               │               │               ┌──────0
              │               │               │       ┌─[2ebeacb5]
              │               │               │       │       └──────0
              │               │               └─[2c4d4a09]
              │               │                       └──────0
              │       ┌─[2bbd6169]
              │       │       │               ┌──────0
              │       │       │       ┌─[28a0a798]
              │       │       │       │       └──────0
              │       │       └─[1eae9305]
              │       │               │               ┌──────0
              │       │               │       ┌─[1e00ab85]
              │       │               │       │       │       ┌──────0
              │       │               │       │       └─[15a5be9f]
              │       │               │       │               │       ┌──────0
              │       │               │       │               └─[128da7a8]
              │       │               │       │                       └──────0
              │       │               └─[11c84652]
              │       │                       └──────0
              └─[0bb603eb]
                      │       ┌──────0
                      └─[03a6c176]
                              └──────0

=========================
TREE[37dd7013] = 37dd7013
=========================
                      ┌──────0
              ┌─[7e7e5274]
              │       │       ┌──────0
              │       └─[77aa6160]
              │               └──────0
      ┌─[6f0e4494]
      │       │       ┌──────0
      │       └─[6c90f79e]
      │               │                       ┌──────0
      │               │               ┌─[68d59818]
      │               │               │       └──────0
      │               │       ┌─[608ed39c]
      │               │       │       │       ┌──────0
      │               │       │       └─[53e89731]
      │               │       │               └──────0
      │               └─[5315435d]
      │                       └──────0
[51be786f]
      │               ┌──────0
      │       ┌─[4c14457e]
      │       │       └──────0
      └─[4ae6e4f6]
              │                               ┌──────0
              │                       ┌─[4a43aa9e]
              │                       │       └──────0
              │               ┌─[48d9d291]
              │               │       │               ┌──────0
              │               │       │       ┌─[454da70c]
              │               │       │       │       │               ┌──────0
              │               │       │       │       │       ┌─[3cd1fde2]
              │               │       │       │       │       │       │       ┌──────0
              │               │       │       │       │       │       └─[37dd7013]
              │               │       │       │       │       │               └──────0
              │               │       │       │       └─[3691d2cf]
              │               │       │       │               │       ┌──────0
              │               │       │       │               └─[35950590]
              │               │       │       │                       └──────0
              │               │       └─[35724ad5]
              │               │               │               ┌──────0
              │               │               │       ┌─[2ebeacb5]
              │               │               │       │       └──────0
              │               │               └─[2c4d4a09]
              │               │                       └──────0
              │       ┌─[2bbd6169]
              │       │       │               ┌──────0
              │       │       │       ┌─[28a0a798]
              │       │       │       │       └──────0
              │       │       └─[1eae9305]
              │       │               │               ┌──────0
              │       │               │       ┌─[1e00ab85]
              │       │               │       │       │       ┌──────0
              │       │               │       │       └─[15a5be9f]
              │       │               │       │               │       ┌──────0
              │       │               │       │               └─[128da7a8]
              │       │               │       │                       └──────0
              │       │               └─[11c84652]
              │       │                       └──────0
              └─[0bb603eb]
                      │       ┌──────0
                      └─[03a6c176]
                              └──────0

=========================
REMOVE[51be786f]
=========================
                      ┌──────0
              ┌─[7e7e5274]
              │       │       ┌──────0
              │       └─[77aa6160]
              │               └──────0
      ┌─[6f0e4494]
      │       │       ┌──────0
      │       └─[6c90f79e]
      │               │                       ┌──────0
      │               │               ┌─[68d59818]
      │               │               │       └──────0
      │               │       ┌─[608ed39c]
      │               │       │       │       ┌──────0
      │               │       │       └─[53e89731]
      │               │       │               └──────0
      │               └─[5315435d]
      │                       └──────0
[51be786f]
      │               ┌──────0
      │       ┌─[4c14457e]
      │       │       └──────0
      └─[4ae6e4f6]
              │                               ┌──────0
              │                       ┌─[4a43aa9e]
              │                       │       └──────0
              │               ┌─[48d9d291]
              │               │       │               ┌──────0
              │               │       │       ┌─[454da70c]
              │               │       │       │       │               ┌──────0
              │               │       │       │       │       ┌─[3cd1fde2]
              │               │       │       │       │       │       │       ┌──────0
              │               │       │       │       │       │       └─[37dd7013]
              │               │       │       │       │       │               └──────0
              │               │       │       │       └─[3691d2cf]
              │               │       │       │               │       ┌──────0
              │               │       │       │               └─[35950590]
              │               │       │       │                       └──────0
              │               │       └─[35724ad5]
              │               │               │               ┌──────0
              │               │               │       ┌─[2ebeacb5]
              │               │               │       │       └──────0
              │               │               └─[2c4d4a09]
              │               │                       └──────0
              │       ┌─[2bbd6169]
              │       │       │               ┌──────0
              │       │       │       ┌─[28a0a798]
              │       │       │       │       └──────0
              │       │       └─[1eae9305]
              │       │               │               ┌──────0
              │       │               │       ┌─[1e00ab85]
              │       │               │       │       │       ┌──────0
              │       │               │       │       └─[15a5be9f]
              │       │               │       │               │       ┌──────0
              │       │               │       │               └─[128da7a8]
              │       │               │       │                       └──────0
              │       │               └─[11c84652]
              │       │                       └──────0
              └─[0bb603eb]
                      │       ┌──────0
                      └─[03a6c176]
                              └──────0

=========================
REMOVE[4ae6e4f6]
=========================
                      ┌──────0
              ┌─[7e7e5274]
              │       │       ┌──────0
              │       └─[77aa6160]
              │               └──────0
      ┌─[6f0e4494]
      │       │       ┌──────0
      │       └─[6c90f79e]
      │               │               ┌──────0
      │               │       ┌─[68d59818]
      │               │       │       └──────0
      │               └─[608ed39c]
      │                       │       ┌──────0
      │                       └─[53e89731]
      │                               └──────0
[5315435d]
      │               ┌──────0
      │       ┌─[4c14457e]
      │       │       └──────0
      └─[4ae6e4f6]
              │                               ┌──────0
              │                       ┌─[4a43aa9e]
              │                       │       └──────0
              │               ┌─[48d9d291]
              │               │       │               ┌──────0
              │               │       │       ┌─[454da70c]
              │               │       │       │       │               ┌──────0
              │               │       │       │       │       ┌─[3cd1fde2]
              │               │       │       │       │       │       │       ┌──────0
              │               │       │       │       │       │       └─[37dd7013]
              │               │       │       │       │       │               └──────0
              │               │       │       │       └─[3691d2cf]
              │               │       │       │               │       ┌──────0
              │               │       │       │               └─[35950590]
              │               │       │       │                       └──────0
              │               │       └─[35724ad5]
              │               │               │               ┌──────0
              │               │               │       ┌─[2ebeacb5]
              │               │               │       │       └──────0
              │               │               └─[2c4d4a09]
              │               │                       └──────0
              │       ┌─[2bbd6169]
              │       │       │               ┌──────0
              │       │       │       ┌─[28a0a798]
              │       │       │       │       └──────0
              │       │       └─[1eae9305]
              │       │               │               ┌──────0
              │       │               │       ┌─[1e00ab85]
              │       │               │       │       │       ┌──────0
              │       │               │       │       └─[15a5be9f]
              │       │               │       │               │       ┌──────0
              │       │               │       │               └─[128da7a8]
              │       │               │       │                       └──────0
              │       │               └─[11c84652]
              │       │                       └──────0
              └─[0bb603eb]
                      │       ┌──────0
                      └─[03a6c176]
                              └──────0

=========================
REMOVE[0bb603eb]
=========================
                      ┌──────0
              ┌─[7e7e5274]
              │       │       ┌──────0
              │       └─[77aa6160]
              │               └──────0
      ┌─[6f0e4494]
      │       │       ┌──────0
      │       └─[6c90f79e]
      │               │               ┌──────0
      │               │       ┌─[68d59818]
      │               │       │       └──────0
      │               └─[608ed39c]
      │                       │       ┌──────0
      │                       └─[53e89731]
      │                               └──────0
[5315435d]
      │       ┌──────0
      └─[4c14457e]
              │                               ┌──────0
              │                       ┌─[4a43aa9e]
              │                       │       └──────0
              │               ┌─[48d9d291]
              │               │       │               ┌──────0
              │               │       │       ┌─[454da70c]
              │               │       │       │       │               ┌──────0
              │               │       │       │       │       ┌─[3cd1fde2]
              │               │       │       │       │       │       │       ┌──────0
              │               │       │       │       │       │       └─[37dd7013]
              │               │       │       │       │       │               └──────0
              │               │       │       │       └─[3691d2cf]
              │               │       │       │               │       ┌──────0
              │               │       │       │               └─[35950590]
              │               │       │       │                       └──────0
              │               │       └─[35724ad5]
              │               │               │               ┌──────0
              │               │               │       ┌─[2ebeacb5]
              │               │               │       │       └──────0
              │               │               └─[2c4d4a09]
              │               │                       └──────0
              │       ┌─[2bbd6169]
              │       │       │               ┌──────0
              │       │       │       ┌─[28a0a798]
              │       │       │       │       └──────0
              │       │       └─[1eae9305]
              │       │               │               ┌──────0
              │       │               │       ┌─[1e00ab85]
              │       │               │       │       │       ┌──────0
              │       │               │       │       └─[15a5be9f]
              │       │               │       │               │       ┌──────0
              │       │               │       │               └─[128da7a8]
              │       │               │       │                       └──────0
              │       │               └─[11c84652]
              │       │                       └──────0
              └─[0bb603eb]
                      │       ┌──────0
                      └─[03a6c176]
                              └──────0

=========================
REMOVE[2bbd6169]
=========================
                      ┌──────0
              ┌─[7e7e5274]
              │       │       ┌──────0
              │       └─[77aa6160]
              │               └──────0
      ┌─[6f0e4494]
      │       │       ┌──────0
      │       └─[6c90f79e]
      │               │               ┌──────0
      │               │       ┌─[68d59818]
      │               │       │       └──────0
      │               └─[608ed39c]
      │                       │       ┌──────0
      │                       └─[53e89731]
      │                               └──────0
[5315435d]
      │       ┌──────0
      └─[4c14457e]
              │                               ┌──────0
              │                       ┌─[4a43aa9e]
              │                       │       └──────0
              │               ┌─[48d9d291]
              │               │       │               ┌──────0
              │               │       │       ┌─[454da70c]
              │               │       │       │       │               ┌──────0
              │               │       │       │       │       ┌─[3cd1fde2]
              │               │       │       │       │       │       │       ┌──────0
              │               │       │       │       │       │       └─[37dd7013]
              │               │       │       │       │       │               └──────0
              │               │       │       │       └─[3691d2cf]
              │               │       │       │               │       ┌──────0
              │               │       │       │               └─[35950590]
              │               │       │       │                       └──────0
              │               │       └─[35724ad5]
              │               │               │               ┌──────0
              │               │               │       ┌─[2ebeacb5]
              │               │               │       │       └──────0
              │               │               └─[2c4d4a09]
              │               │                       └──────0
              │       ┌─[2bbd6169]
              │       │       │               ┌──────0
              │       │       │       ┌─[28a0a798]
              │       │       │       │       └──────0
              │       │       └─[1eae9305]
              │       │               │       ┌──────0
              │       │               └─[1e00ab85]
              │       │                       │       ┌──────0
              │       │                       └─[15a5be9f]
              │       │                               │       ┌──────0
              │       │                               └─[128da7a8]
              │       │                                       └──────0
              └─[11c84652]
                      │       ┌──────0
                      └─[03a6c176]
                              └──────0

=========================
REMOVE[6f0e4494]
=========================
                      ┌──────0
              ┌─[7e7e5274]
              │       │       ┌──────0
              │       └─[77aa6160]
              │               └──────0
      ┌─[6f0e4494]
      │       │       ┌──────0
      │       └─[6c90f79e]
      │               │               ┌──────0
      │               │       ┌─[68d59818]
      │               │       │       └──────0
      │               └─[608ed39c]
      │                       │       ┌──────0
      │                       └─[53e89731]
      │                               └──────0
[5315435d]
      │       ┌──────0
      └─[4c14457e]
              │                               ┌──────0
              │                       ┌─[4a43aa9e]
              │                       │       └──────0
              │               ┌─[48d9d291]
              │               │       │               ┌──────0
              │               │       │       ┌─[454da70c]
              │               │       │       │       │               ┌──────0
              │               │       │       │       │       ┌─[3cd1fde2]
              │               │       │       │       │       │       │       ┌──────0
              │               │       │       │       │       │       └─[37dd7013]
              │               │       │       │       │       │               └──────0
              │               │       │       │       └─[3691d2cf]
              │               │       │       │               │       ┌──────0
              │               │       │       │               └─[35950590]
              │               │       │       │                       └──────0
              │               │       └─[35724ad5]
              │               │               │       ┌──────0
              │               │               └─[2ebeacb5]
              │               │                       └──────0
              │       ┌─[2c4d4a09]
              │       │       │               ┌──────0
              │       │       │       ┌─[28a0a798]
              │       │       │       │       └──────0
              │       │       └─[1eae9305]
              │       │               │       ┌──────0
              │       │               └─[1e00ab85]
              │       │                       │       ┌──────0
              │       │                       └─[15a5be9f]
              │       │                               │       ┌──────0
              │       │                               └─[128da7a8]
              │       │                                       └──────0
              └─[11c84652]
                      │       ┌──────0
                      └─[03a6c176]
                              └──────0

=========================
REMOVE[6c90f79e]
=========================
                      ┌──────0
              ┌─[7e7e5274]
              │       └──────0
      ┌─[77aa6160]
      │       │       ┌──────0
      │       └─[6c90f79e]
      │               │               ┌──────0
      │               │       ┌─[68d59818]
      │               │       │       └──────0
      │               └─[608ed39c]
      │                       │       ┌──────0
      │                       └─[53e89731]
      │                               └──────0
[5315435d]
      │       ┌──────0
      └─[4c14457e]
              │                               ┌──────0
              │                       ┌─[4a43aa9e]
              │                       │       └──────0
              │               ┌─[48d9d291]
              │               │       │               ┌──────0
              │               │       │       ┌─[454da70c]
              │               │       │       │       │               ┌──────0
              │               │       │       │       │       ┌─[3cd1fde2]
              │               │       │       │       │       │       │       ┌──────0
              │               │       │       │       │       │       └─[37dd7013]
              │               │       │       │       │       │               └──────0
              │               │       │       │       └─[3691d2cf]
              │               │       │       │               │       ┌──────0
              │               │       │       │               └─[35950590]
              │               │       │       │                       └──────0
              │               │       └─[35724ad5]
              │               │               │       ┌──────0
              │               │               └─[2ebeacb5]
              │               │                       └──────0
              │       ┌─[2c4d4a09]
              │       │       │               ┌──────0
              │       │       │       ┌─[28a0a798]
              │       │       │       │       └──────0
              │       │       └─[1eae9305]
              │       │               │       ┌──────0
              │       │               └─[1e00ab85]
              │       │                       │       ┌──────0
              │       │                       └─[15a5be9f]
              │       │                               │       ┌──────0
              │       │                               └─[128da7a8]
              │       │                                       └──────0
              └─[11c84652]
                      │       ┌──────0
                      └─[03a6c176]
                              └──────0

=========================
REMOVE[48d9d291]
=========================
                      ┌──────0
              ┌─[7e7e5274]
              │       └──────0
      ┌─[77aa6160]
      │       │               ┌──────0
      │       │       ┌─[68d59818]
      │       │       │       └──────0
      │       └─[608ed39c]
      │               │       ┌──────0
      │               └─[53e89731]
      │                       └──────0
[5315435d]
      │       ┌──────0
      └─[4c14457e]
              │                               ┌──────0
              │                       ┌─[4a43aa9e]
              │                       │       └──────0
              │               ┌─[48d9d291]
              │               │       │               ┌──────0
              │               │       │       ┌─[454da70c]
              │               │       │       │       │               ┌──────0
              │               │       │       │       │       ┌─[3cd1fde2]
              │               │       │       │       │       │       │       ┌──────0
              │               │       │       │       │       │       └─[37dd7013]
              │               │       │       │       │       │               └──────0
              │               │       │       │       └─[3691d2cf]
              │               │       │       │               │       ┌──────0
              │               │       │       │               └─[35950590]
              │               │       │       │                       └──────0
              │               │       └─[35724ad5]
              │               │               │       ┌──────0
              │               │               └─[2ebeacb5]
              │               │                       └──────0
              │       ┌─[2c4d4a09]
              │       │       │               ┌──────0
              │       │       │       ┌─[28a0a798]
              │       │       │       │       └──────0
              │       │       └─[1eae9305]
              │       │               │       ┌──────0
              │       │               └─[1e00ab85]
              │       │                       │       ┌──────0
              │       │                       └─[15a5be9f]
              │       │                               │       ┌──────0
              │       │                               └─[128da7a8]
              │       │                                       └──────0
              └─[11c84652]
                      │       ┌──────0
                      └─[03a6c176]
                              └──────0

=========================
REMOVE[35724ad5]
=========================
                      ┌──────0
              ┌─[7e7e5274]
              │       └──────0
      ┌─[77aa6160]
      │       │               ┌──────0
      │       │       ┌─[68d59818]
      │       │       │       └──────0
      │       └─[608ed39c]
      │               │       ┌──────0
      │               └─[53e89731]
      │                       └──────0
[5315435d]
      │       ┌──────0
      └─[4c14457e]
              │                       ┌──────0
              │               ┌─[4a43aa9e]
              │               │       │               ┌──────0
              │               │       │       ┌─[454da70c]
              │               │       │       │       │               ┌──────0
              │               │       │       │       │       ┌─[3cd1fde2]
              │               │       │       │       │       │       │       ┌──────0
              │               │       │       │       │       │       └─[37dd7013]
              │               │       │       │       │       │               └──────0
              │               │       │       │       └─[3691d2cf]
              │               │       │       │               │       ┌──────0
              │               │       │       │               └─[35950590]
              │               │       │       │                       └──────0
              │               │       └─[35724ad5]
              │               │               │       ┌──────0
              │               │               └─[2ebeacb5]
              │               │                       └──────0
              │       ┌─[2c4d4a09]
              │       │       │               ┌──────0
              │       │       │       ┌─[28a0a798]
              │       │       │       │       └──────0
              │       │       └─[1eae9305]
              │       │               │       ┌──────0
              │       │               └─[1e00ab85]
              │       │                       │       ┌──────0
              │       │                       └─[15a5be9f]
              │       │                               │       ┌──────0
              │       │                               └─[128da7a8]
              │       │                                       └──────0
              └─[11c84652]
                      │       ┌──────0
                      └─[03a6c176]
                              └──────0

=========================
REMOVE[2c4d4a09]
=========================
                      ┌──────0
              ┌─[7e7e5274]
              │       └──────0
      ┌─[77aa6160]
      │       │               ┌──────0
      │       │       ┌─[68d59818]
      │       │       │       └──────0
      │       └─[608ed39c]
      │               │       ┌──────0
      │               └─[53e89731]
      │                       └──────0
[5315435d]
      │       ┌──────0
      └─[4c14457e]
              │                       ┌──────0
              │               ┌─[4a43aa9e]
              │               │       │               ┌──────0
              │               │       │       ┌─[454da70c]
              │               │       │       │       │               ┌──────0
              │               │       │       │       │       ┌─[3cd1fde2]
              │               │       │       │       │       │       │       ┌──────0
              │               │       │       │       │       │       └─[37dd7013]
              │               │       │       │       │       │               └──────0
              │               │       │       │       └─[3691d2cf]
              │               │       │       │               └──────0
              │               │       └─[35950590]
              │               │               │       ┌──────0
              │               │               └─[2ebeacb5]
              │               │                       └──────0
              │       ┌─[2c4d4a09]
              │       │       │               ┌──────0
              │       │       │       ┌─[28a0a798]
              │       │       │       │       └──────0
              │       │       └─[1eae9305]
              │       │               │       ┌──────0
              │       │               └─[1e00ab85]
              │       │                       │       ┌──────0
              │       │                       └─[15a5be9f]
              │       │                               │       ┌──────0
              │       │                               └─[128da7a8]
              │       │                                       └──────0
              └─[11c84652]
                      │       ┌──────0
                      └─[03a6c176]
                              └──────0

=========================
REMOVE[1eae9305]
=========================
                      ┌──────0
              ┌─[7e7e5274]
              │       └──────0
      ┌─[77aa6160]
      │       │               ┌──────0
      │       │       ┌─[68d59818]
      │       │       │       └──────0
      │       └─[608ed39c]
      │               │       ┌──────0
      │               └─[53e89731]
      │                       └──────0
[5315435d]
      │       ┌──────0
      └─[4c14457e]
              │                       ┌──────0
              │               ┌─[4a43aa9e]
              │               │       │               ┌──────0
              │               │       │       ┌─[454da70c]
              │               │       │       │       │               ┌──────0
              │               │       │       │       │       ┌─[3cd1fde2]
              │               │       │       │       │       │       │       ┌──────0
              │               │       │       │       │       │       └─[37dd7013]
              │               │       │       │       │       │               └──────0
              │               │       │       │       └─[3691d2cf]
              │               │       │       │               └──────0
              │               │       └─[35950590]
              │               │               └──────0
              │       ┌─[2ebeacb5]
              │       │       │               ┌──────0
              │       │       │       ┌─[28a0a798]
              │       │       │       │       └──────0
              │       │       └─[1eae9305]
              │       │               │       ┌──────0
              │       │               └─[1e00ab85]
              │       │                       │       ┌──────0
              │       │                       └─[15a5be9f]
              │       │                               │       ┌──────0
              │       │                               └─[128da7a8]
              │       │                                       └──────0
              └─[11c84652]
                      │       ┌──────0
                      └─[03a6c176]
                              └──────0

=========================
REMOVE[5315435d]
=========================
                      ┌──────0
              ┌─[7e7e5274]
              │       └──────0
      ┌─[77aa6160]
      │       │               ┌──────0
      │       │       ┌─[68d59818]
      │       │       │       └──────0
      │       └─[608ed39c]
      │               │       ┌──────0
      │               └─[53e89731]
      │                       └──────0
[5315435d]
      │       ┌──────0
      └─[4c14457e]
              │                       ┌──────0
              │               ┌─[4a43aa9e]
              │               │       │               ┌──────0
              │               │       │       ┌─[454da70c]
              │               │       │       │       │               ┌──────0
              │               │       │       │       │       ┌─[3cd1fde2]
              │               │       │       │       │       │       │       ┌──────0
              │               │       │       │       │       │       └─[37dd7013]
              │               │       │       │       │       │               └──────0
              │               │       │       │       └─[3691d2cf]
              │               │       │       │               └──────0
              │               │       └─[35950590]
              │               │               └──────0
              │       ┌─[2ebeacb5]
              │       │       │       ┌──────0
              │       │       └─[28a0a798]
              │       │               │       ┌──────0
              │       │               └─[1e00ab85]
              │       │                       │       ┌──────0
              │       │                       └─[15a5be9f]
              │       │                               │       ┌──────0
              │       │                               └─[128da7a8]
              │       │                                       └──────0
              └─[11c84652]
                      │       ┌──────0
                      └─[03a6c176]
                              └──────0

=========================
REMOVE[608ed39c]
=========================
                      ┌──────0
              ┌─[7e7e5274]
              │       └──────0
      ┌─[77aa6160]
      │       │               ┌──────0
      │       │       ┌─[68d59818]
      │       │       │       └──────0
      │       └─[608ed39c]
      │               └──────0
[53e89731]
      │       ┌──────0
      └─[4c14457e]
              │                       ┌──────0
              │               ┌─[4a43aa9e]
              │               │       │               ┌──────0
              │               │       │       ┌─[454da70c]
              │               │       │       │       │               ┌──────0
              │               │       │       │       │       ┌─[3cd1fde2]
              │               │       │       │       │       │       │       ┌──────0
              │               │       │       │       │       │       └─[37dd7013]
              │               │       │       │       │       │               └──────0
              │               │       │       │       └─[3691d2cf]
              │               │       │       │               └──────0
              │               │       └─[35950590]
              │               │               └──────0
              │       ┌─[2ebeacb5]
              │       │       │       ┌──────0
              │       │       └─[28a0a798]
              │       │               │       ┌──────0
              │       │               └─[1e00ab85]
              │       │                       │       ┌──────0
              │       │                       └─[15a5be9f]
              │       │                               │       ┌──────0
              │       │                               └─[128da7a8]
              │       │                                       └──────0
              └─[11c84652]
                      │       ┌──────0
                      └─[03a6c176]
                              └──────0

=========================
REMOVE[28a0a798]
=========================
                      ┌──────0
              ┌─[7e7e5274]
              │       └──────0
      ┌─[77aa6160]
      │       │       ┌──────0
      │       └─[68d59818]
      │               └──────0
[53e89731]
      │       ┌──────0
      └─[4c14457e]
              │                       ┌──────0
              │               ┌─[4a43aa9e]
              │               │       │               ┌──────0
              │               │       │       ┌─[454da70c]
              │               │       │       │       │               ┌──────0
              │               │       │       │       │       ┌─[3cd1fde2]
              │               │       │       │       │       │       │       ┌──────0
              │               │       │       │       │       │       └─[37dd7013]
              │               │       │       │       │       │               └──────0
              │               │       │       │       └─[3691d2cf]
              │               │       │       │               └──────0
              │               │       └─[35950590]
              │               │               └──────0
              │       ┌─[2ebeacb5]
              │       │       │       ┌──────0
              │       │       └─[28a0a798]
              │       │               │       ┌──────0
              │       │               └─[1e00ab85]
              │       │                       │       ┌──────0
              │       │                       └─[15a5be9f]
              │       │                               │       ┌──────0
              │       │                               └─[128da7a8]
              │       │                                       └──────0
              └─[11c84652]
                      │       ┌──────0
                      └─[03a6c176]
                              └──────0

=========================
REMOVE[7e7e5274]
=========================
                      ┌──────0
              ┌─[7e7e5274]
              │       └──────0
      ┌─[77aa6160]
      │       │       ┌──────0
      │       └─[68d59818]
      │               └──────0
[53e89731]
      │       ┌──────0
      └─[4c14457e]
              │                       ┌──────0
              │               ┌─[4a43aa9e]
              │               │       │               ┌──────0
              │               │       │       ┌─[454da70c]
              │               │       │       │       │               ┌──────0
              │               │       │       │       │       ┌─[3cd1fde2]
              │               │       │       │       │       │       │       ┌──────0
              │               │       │       │       │       │       └─[37dd7013]
              │               │       │       │       │       │               └──────0
              │               │       │       │       └─[3691d2cf]
              │               │       │       │               └──────0
              │               │       └─[35950590]
              │               │               └──────0
              │       ┌─[2ebeacb5]
              │       │       │       ┌──────0
              │       │       └─[1e00ab85]
              │       │               │       ┌──────0
              │       │               └─[15a5be9f]
              │       │                       │       ┌──────0
              │       │                       └─[128da7a8]
              │       │                               └──────0
              └─[11c84652]
                      │       ┌──────0
                      └─[03a6c176]
                              └──────0

=========================
REMOVE[4a43aa9e]
=========================
              ┌──────0
      ┌─[77aa6160]
      │       │       ┌──────0
      │       └─[68d59818]
      │               └──────0
[53e89731]
      │       ┌──────0
      └─[4c14457e]
              │                       ┌──────0
              │               ┌─[4a43aa9e]
              │               │       │               ┌──────0
              │               │       │       ┌─[454da70c]
              │               │       │       │       │               ┌──────0
              │               │       │       │       │       ┌─[3cd1fde2]
              │               │       │       │       │       │       │       ┌──────0
              │               │       │       │       │       │       └─[37dd7013]
              │               │       │       │       │       │               └──────0
              │               │       │       │       └─[3691d2cf]
              │               │       │       │               └──────0
              │               │       └─[35950590]
              │               │               └──────0
              │       ┌─[2ebeacb5]
              │       │       │       ┌──────0
              │       │       └─[1e00ab85]
              │       │               │       ┌──────0
              │       │               └─[15a5be9f]
              │       │                       │       ┌──────0
              │       │                       └─[128da7a8]
              │       │                               └──────0
              └─[11c84652]
                      │       ┌──────0
                      └─[03a6c176]
                              └──────0

=========================
REMOVE[2ebeacb5]
=========================
              ┌──────0
      ┌─[77aa6160]
      │       │       ┌──────0
      │       └─[68d59818]
      │               └──────0
[53e89731]
      │       ┌──────0
      └─[4c14457e]
              │                               ┌──────0
              │                       ┌─[454da70c]
              │                       │       │               ┌──────0
              │                       │       │       ┌─[3cd1fde2]
              │                       │       │       │       │       ┌──────0
              │                       │       │       │       └─[37dd7013]
              │                       │       │       │               └──────0
              │                       │       └─[3691d2cf]
              │                       │               └──────0
              │               ┌─[35950590]
              │               │       └──────0
              │       ┌─[2ebeacb5]
              │       │       │       ┌──────0
              │       │       └─[1e00ab85]
              │       │               │       ┌──────0
              │       │               └─[15a5be9f]
              │       │                       │       ┌──────0
              │       │                       └─[128da7a8]
              │       │                               └──────0
              └─[11c84652]
                      │       ┌──────0
                      └─[03a6c176]
                              └──────0

=========================
REMOVE[454da70c]
=========================
              ┌──────0
      ┌─[77aa6160]
      │       │       ┌──────0
      │       └─[68d59818]
      │               └──────0
[53e89731]
      │       ┌──────0
      └─[4c14457e]
              │                       ┌──────0
              │               ┌─[454da70c]
              │               │       │               ┌──────0
              │               │       │       ┌─[3cd1fde2]
              │               │       │       │       │       ┌──────0
              │               │       │       │       └─[37dd7013]
              │               │       │       │               └──────0
              │               │       └─[3691d2cf]
              │               │               └──────0
              │       ┌─[35950590]
              │       │       │       ┌──────0
              │       │       └─[1e00ab85]
              │       │               │       ┌──────0
              │       │               └─[15a5be9f]
              │       │                       │       ┌──────0
              │       │                       └─[128da7a8]
              │       │                               └──────0
              └─[11c84652]
                      │       ┌──────0
                      └─[03a6c176]
                              └──────0

=========================
REMOVE[3691d2cf]
=========================
              ┌──────0
      ┌─[77aa6160]
      │       │       ┌──────0
      │       └─[68d59818]
      │               └──────0
[53e89731]
      │       ┌──────0
      └─[4c14457e]
              │                               ┌──────0
              │                       ┌─[3cd1fde2]
              │                       │       │       ┌──────0
              │                       │       └─[37dd7013]
              │                       │               └──────0
              │               ┌─[3691d2cf]
              │               │       └──────0
              │       ┌─[35950590]
              │       │       │       ┌──────0
              │       │       └─[1e00ab85]
              │       │               │       ┌──────0
              │       │               └─[15a5be9f]
              │       │                       │       ┌──────0
              │       │                       └─[128da7a8]
              │       │                               └──────0
              └─[11c84652]
                      │       ┌──────0
                      └─[03a6c176]
                              └──────0

=========================
REMOVE[77aa6160]
=========================
              ┌──────0
      ┌─[77aa6160]
      │       │       ┌──────0
      │       └─[68d59818]
      │               └──────0
[53e89731]
      │       ┌──────0
      └─[4c14457e]
              │                       ┌──────0
              │               ┌─[3cd1fde2]
              │               │       │       ┌──────0
              │               │       └─[37dd7013]
              │               │               └──────0
              │       ┌─[35950590]
              │       │       │       ┌──────0
              │       │       └─[1e00ab85]
              │       │               │       ┌──────0
              │       │               └─[15a5be9f]
              │       │                       │       ┌──────0
              │       │                       └─[128da7a8]
              │       │                               └──────0
              └─[11c84652]
                      │       ┌──────0
                      └─[03a6c176]
                              └──────0

=========================
REMOVE[4c14457e]
=========================
              ┌──────0
      ┌─[68d59818]
      │       └──────0
[53e89731]
      │       ┌──────0
      └─[4c14457e]
              │                       ┌──────0
              │               ┌─[3cd1fde2]
              │               │       │       ┌──────0
              │               │       └─[37dd7013]
              │               │               └──────0
              │       ┌─[35950590]
              │       │       │       ┌──────0
              │       │       └─[1e00ab85]
              │       │               │       ┌──────0
              │       │               └─[15a5be9f]
              │       │                       │       ┌──────0
              │       │                       └─[128da7a8]
              │       │                               └──────0
              └─[11c84652]
                      │       ┌──────0
                      └─[03a6c176]
                              └──────0

=========================
REMOVE[11c84652]
=========================
              ┌──────0
      ┌─[68d59818]
      │       └──────0
[53e89731]
      │                       ┌──────0
      │               ┌─[3cd1fde2]
      │               │       │       ┌──────0
      │               │       └─[37dd7013]
      │               │               └──────0
      │       ┌─[35950590]
      │       │       │       ┌──────0
      │       │       └─[1e00ab85]
      │       │               │       ┌──────0
      │       │               └─[15a5be9f]
      │       │                       │       ┌──────0
      │       │                       └─[128da7a8]
      │       │                               └──────0
      └─[11c84652]
              │       ┌──────0
              └─[03a6c176]
                      └──────0

=========================
REMOVE[1e00ab85]
=========================
              ┌──────0
      ┌─[68d59818]
      │       └──────0
[53e89731]
      │                       ┌──────0
      │               ┌─[3cd1fde2]
      │               │       │       ┌──────0
      │               │       └─[37dd7013]
      │               │               └──────0
      │       ┌─[35950590]
      │       │       │       ┌──────0
      │       │       └─[1e00ab85]
      │       │               │       ┌──────0
      │       │               └─[15a5be9f]
      │       │                       └──────0
      └─[128da7a8]
              │       ┌──────0
              └─[03a6c176]
                      └──────0

=========================
REMOVE[03a6c176]
=========================
              ┌──────0
      ┌─[68d59818]
      │       └──────0
[53e89731]
      │                       ┌──────0
      │               ┌─[3cd1fde2]
      │               │       │       ┌──────0
      │               │       └─[37dd7013]
      │               │               └──────0
      │       ┌─[35950590]
      │       │       │       ┌──────0
      │       │       └─[15a5be9f]
      │       │               └──────0
      └─[128da7a8]
              │       ┌──────0
              └─[03a6c176]
                      └──────0

=========================
REMOVE[53e89731]
=========================
              ┌──────0
      ┌─[68d59818]
      │       └──────0
[53e89731]
      │                       ┌──────0
      │               ┌─[3cd1fde2]
      │               │       │       ┌──────0
      │               │       └─[37dd7013]
      │               │               └──────0
      │       ┌─[35950590]
      │       │       │       ┌──────0
      │       │       └─[15a5be9f]
      │       │               └──────0
      └─[128da7a8]
              └──────0

=========================
REMOVE[68d59818]
=========================
      ┌──────0
[68d59818]
      │                       ┌──────0
      │               ┌─[3cd1fde2]
      │               │       │       ┌──────0
      │               │       └─[37dd7013]
      │               │               └──────0
      │       ┌─[35950590]
      │       │       │       ┌──────0
      │       │       └─[15a5be9f]
      │       │               └──────0
      └─[128da7a8]
              └──────0

=========================
REMOVE[15a5be9f]
=========================
                      ┌──────0
              ┌─[3cd1fde2]
              │       │       ┌──────0
              │       └─[37dd7013]
              │               └──────0
      ┌─[35950590]
      │       │       ┌──────0
      │       └─[15a5be9f]
      │               └──────0
[128da7a8]
      └──────0

=========================
REMOVE[128da7a8]
=========================
                      ┌──────0
              ┌─[3cd1fde2]
              │       │       ┌──────0
              │       └─[37dd7013]
              │               └──────0
      ┌─[35950590]
      │       └──────0
[128da7a8]
      └──────0

=========================
REMOVE[35950590]
=========================
              ┌──────0
      ┌─[3cd1fde2]
      │       │       ┌──────0
      │       └─[37dd7013]
      │               └──────0
[35950590]
      └──────0

=========================
REMOVE[3cd1fde2]
=========================
      ┌──────0
[3cd1fde2]
      │       ┌──────0
      └─[37dd7013]
              └──────0

=========================
REMOVE[37dd7013]
=========================
      ┌──────0
[37dd7013]
      └──────0

─────0
